WARNING: All log messages before absl::InitializeLog() is called are written to STDERR
I0000 00:00:1790580300.412598   12732 port.cc:153] oneDNN custom operations are on. You may see slightly different numerical results due to floating-point round-off errors from different computation orders. To turn them off, set the environment variable `TF_ENABLE_ONEDNN_OPTS=0`.
WARNING: All log messages before absl::InitializeLog() is called are written to STDERR
I0000 00:00:1790580302.495418   12732 port.cc:153] oneDNN custom operations are on. You may see slightly different numerical results due to floating-point round-off errors from different computation orders. To turn them off, set the environment variable `TF_ENABLE_ONEDNN_OPTS=0`.
[cnn] 11 classes, 16410 training / 1523 validation segments
  variant 1/1: {'width': 32, 'dropout': 0.1, 'mixup': 0.2}
I0000 00:00:1790580304.012423   12732 cpu_feature_guard.cc:227] This TensorFlow binary is optimized to use available CPU instructions in performance-critical operations.
To enable the following instructions: SSE3 SSE4.1 SSE4.2 AVX AVX2 FMA, in other operations, rebuild TensorFlow with the appropriate compiler flags.
WARNING:tensorflow:TensorFlow GPU support is not available on native Windows for TensorFlow >= 2.11. Even if CUDA/cuDNN are installed, GPU will not be used. Please use WSL2 or the TensorFlow-DirectML plugin.
      epoch  1/40  loss 2.223  val macro F1 0.303  (137 s)
      epoch  2/40  loss 1.968  val macro F1 0.472  (135 s)
      epoch  3/40  loss 1.876  val macro F1 0.396  (132 s)
      epoch  4/40  loss 1.814  val macro F1 0.473  (130 s)
      epoch  5/40  loss 1.774  val macro F1 0.606  (130 s)
      epoch  6/40  loss 1.720  val macro F1 0.614  (132 s)
      epoch  7/40  loss 1.699  val macro F1 0.606  (140 s)
      epoch  8/40  loss 1.669  val macro F1 0.659  (156 s)
      epoch  9/40  loss 1.631  val macro F1 0.587  (134 s)
      epoch 10/40  loss 1.608  val macro F1 0.694  (143 s)
      epoch 11/40  loss 1.577  val macro F1 0.721  (145 s)
      epoch 12/40  loss 1.551  val macro F1 0.676  (132 s)
      epoch 13/40  loss 1.531  val macro F1 0.712  (131 s)
      epoch 14/40  loss 1.500  val macro F1 0.719  (131 s)
      epoch 15/40  loss 1.498  val macro F1 0.736  (131 s)
      epoch 16/40  loss 1.468  val macro F1 0.733  (130 s)
      epoch 17/40  loss 1.454  val macro F1 0.759  (132 s)
      epoch 18/40  loss 1.428  val macro F1 0.734  (130 s)
      epoch 19/40  loss 1.442  val macro F1 0.731  (132 s)
      epoch 20/40  loss 1.404  val macro F1 0.764  (130 s)
      epoch 21/40  loss 1.395  val macro F1 0.740  (131 s)
      epoch 22/40  loss 1.379  val macro F1 0.769  (130 s)
      epoch 23/40  loss 1.363  val macro F1 0.759  (131 s)
      epoch 24/40  loss 1.342  val macro F1 0.767  (131 s)
      epoch 25/40  loss 1.332  val macro F1 0.771  (136 s)
      epoch 26/40  loss 1.317  val macro F1 0.770  (134 s)
      epoch 27/40  loss 1.300  val macro F1 0.774  (130 s)
      epoch 28/40  loss 1.296  val macro F1 0.777  (146 s)
      epoch 29/40  loss 1.291  val macro F1 0.765  (133 s)
      epoch 30/40  loss 1.277  val macro F1 0.785  (139 s)
      epoch 31/40  loss 1.268  val macro F1 0.774  (139 s)
      epoch 32/40  loss 1.248  val macro F1 0.775  (139 s)
      epoch 33/40  loss 1.239  val macro F1 0.778  (142 s)
      epoch 34/40  loss 1.236  val macro F1 0.773  (142 s)
      epoch 35/40  loss 1.232  val macro F1 0.777  (138 s)
      epoch 36/40  loss 1.226  val macro F1 0.778  (140 s)
      epoch 37/40  loss 1.216  val macro F1 0.777  (138 s)
      epoch 38/40  loss 1.212  val macro F1 0.781  (142 s)
    best val macro F1 0.785

[cnn] cnn-20260928-1
  parameters: {'width': 32, 'dropout': 0.1, 'mixup': 0.2, 'epochs_max': 40, 'batch': 64, 'parameters': 1241643}
  temperature: window 0.75, clip 1.01; clip aggregation: top3 (mean 0.845, max 0.854, top3 0.857)
  inference: 1.7 ms per 1 s window

Validation, per 1 s segment: accuracy 79.2%, macro F1 0.785, ECE 0.029 (n=1523)
  class                      prec  recall     f1     n
  Machinery Fault            0.97    0.98   0.97   225
  Glass Breaking             0.85    0.92   0.88    85  critical OK
  Alarm or Siren             0.79    0.57   0.66   157
  Vehicle Horn               0.73    0.64   0.68   122
  Animal Sound               0.65    0.69   0.67   131
  Gunshot                    0.82    0.78   0.80    78  critical BELOW 85%
  Panic Scream               0.54    0.70   0.61    88  critical BELOW 85%
  Aggression                 0.71    0.71   0.71   152  critical BELOW 85%
  Person Asking for Help     0.98    0.98   0.98    50  critical OK
  Background Noise           0.67    0.73   0.70   210
  Normal Machinery           0.98    0.97   0.97   225

Validation, per clip (as in the app): accuracy 85.7%, macro F1 0.857, ECE 0.034 (n=502)
  class                      prec  recall     f1     n
  Machinery Fault            1.00    1.00   1.00    45
  Glass Breaking             0.94    0.98   0.96    45  critical OK
  Alarm or Siren             0.76    0.58   0.66    45
  Vehicle Horn               0.86    0.82   0.84    45
  Animal Sound               0.73    0.78   0.75    45
  Gunshot                    0.98    0.93   0.95    45  critical OK
  Panic Scream               0.76    0.76   0.76    45  critical BELOW 85%
  Aggression                 0.77    0.76   0.76    45  critical BELOW 85%
  Person Asking for Help     0.98    0.98   0.98    45  critical OK
  Background Noise           0.70    0.85   0.77    52
  Normal Machinery           1.00    1.00   1.00    45
