[svm] 9 classes, 13500 training / 1240 validation segments
  grid search: 20 settings on 13500 training segments (4 in parallel)
    C=3     gamma=scale  val macro F1 0.721  (16.1 s)
    C=3     gamma=0.01   val macro F1 0.717  (16.7 s)
    C=10    gamma=0.003  val macro F1 0.714  (15.2 s)
    C=10    gamma=0.01   val macro F1 0.709  (18.2 s)
    C=1     gamma=0.01   val macro F1 0.709  (18.3 s)
  refitting best {'C': 3, 'gamma': 'scale'} with probability outputs

[svm] saved C:\Users\XENIUM\Desktop\sonic\python_models\svm-20260925-1
  best parameters: {'C': 3, 'gamma': 'scale'}; temperature 0.93; clip aggregation: mean (mean 0.758, max 0.657, top3 0.723)
  inference: 1.5 ms per 1 s window

Validation, per 1 s segment: accuracy 73.6%, macro F1 0.721, ECE 0.164 (n=1240)
  class                      prec  recall     f1     n
  Machinery Fault            0.99    0.99   0.99   225
  Glass Breaking             0.79    0.89   0.84    85  critical OK
  Alarm or Siren             0.64    0.63   0.63   157
  Vehicle Horn               0.68    0.63   0.66   122
  Animal Sound               0.67    0.57   0.62   131
  Gunshot                    0.76    0.87   0.81    78  critical OK
  Panic Scream               0.53    0.65   0.58    88  critical BELOW 85%
  Aggression                 0.66    0.66   0.66   152  critical BELOW 85%
  Background Noise           0.72    0.67   0.70   202

Validation, per clip (as in the app): accuracy 75.8%, macro F1 0.758, ECE 0.236 (n=405)
  class                      prec  recall     f1     n
  Machinery Fault            1.00    1.00   1.00    45
  Glass Breaking             0.85    0.91   0.88    45  critical OK
  Alarm or Siren             0.65    0.62   0.64    45
  Vehicle Horn               0.62    0.67   0.65    45
  Animal Sound               0.74    0.71   0.73    45
  Gunshot                    0.90    0.84   0.87    45  critical BELOW 85%
  Panic Scream               0.72    0.73   0.73    45  critical BELOW 85%
  Aggression                 0.67    0.69   0.68    45  critical BELOW 85%
  Background Noise           0.66    0.64   0.65    45
exit 0
